PASS 独立注册后，财务、企业、报告均为空；无演示数据按钮
PASS CSV解析预览不直接写入财务库
PASS 明确提交后持久化归一化数据
PASS 已保存数据驱动趋势、指标与主动核查
PASS 助手读取真实保存指标；明确标记本地路由而非模型聊天
PASS 企业自定目标保存并绑定企业范围
PASS 核查建议→行动→处理中→说明验收→已完成全链路
PASS 证据标题与原文按文本显示，XSS未执行
PASS 企业作用域检索、资料审阅与引用片段联动
PASS 记忆默认未批准，明确批准才可召回
PASS 生成计划展示分工和边界，不发出外部调用或后台运行
PASS 批准后实际执行六个本地节点，跳过未授权模型节点并归档
PASS 报告摘要、Agent轨迹、证据上下文与逐字段血缘均可展开
PASS 已完成节点有实际产物、事件链和原始输入散列
PASS 固定/变动成本拆分、单因素与二维敏感性实验保存
PASS 四种时间基线滚动回测、逐折训练边界和预测区间披露
PASS 恢复旧内容新增修订，不覆盖历史
PASS 修改数据后报告标记过期，冻结结果不自动重写
PASS 主题与个人设置持久同步
PASS 快捷导航、检索过滤、原生对话框退出
PASS 11个工作区及运行详情390px无文档级横向溢出
PASS 移动端导航与上下文助手独立展开收起
PASS 独立快照整理入口展示已有记录，删除明确披露保留边界
PASS 会话历史可显式选择，默认不纳入上下文
PASS 变更游标触发被动提醒，不覆盖未保存的问题
PASS 全流程未捕获JavaScript异常或HTTP5xx
