........................................................................ [ 23%]
........................................................................ [ 46%]
........................................................................ [ 70%]
........................................................................ [ 93%]
...................                                                      [100%]
================================ tests coverage ================================
_______________ coverage: platform linux, python 3.13.5-final-0 ________________

Name                        Stmts   Miss Branch BrPart  Cover   Missing
-----------------------------------------------------------------------
server/__init__.py              1      0      0      0   100%
server/analytics.py           154      6     72      8    94%   76, 78, 85->90, 91, 96, 99->101, 102, 104
server/app.py                 440     28    108     16    92%   41-42, 72, 77, 78->exit, 80->exit, 82->75, 87, 144, 147-148, 161, 164-166, 174, 222, 234, 240->exit, 249, 273-274, 313->314, 335->338, 340->exit, 342->exit, 346->exit, 349-350, 374, 381, 387->391, 390, 430-432, 454-455, 457->exit
server/config.py               27      2      6      2    88%   25, 29
server/contracts.py           113      1      8      1    98%   107
server/imports.py              94     25     64     10    69%   16->exit, 18->exit, 19->exit, 22->exit, 23->exit, 29->28, 36->exit, 42->exit, 66-80, 84->exit, 87, 88->exit, 90, 96-103
server/intelligence.py         75     12     30      7    80%   49->52, 54, 64, 67->70, 81, 94-95, 99-106
server/models.py               73      0     22      0   100%
server/network.py              45      5     14      2    88%   13->exit, 17, 33, 35-37
server/parse_worker.py         15     15      2      0     0%   2-17
server/providers.py            60      0      6      1    98%   42->exit
server/research.py             35      0     18      5    91%   12->exit, 23->exit, 27->26, 29->26, 35->36
server/retrieval.py            57      2     30      6    91%   32->28, 35-36, 40->39, 42->43, 48->exit, 72->73
server/schemas.py             157      0     18      3    98%   88->exit, 117->exit, 176->exit
server/security.py             56      0      6      0   100%
server/store.py               114      1     32      7    95%   83, 99->exit, 103->exit, 119->exit, 122->exit, 139->exit, 143->exit, 148->exit
server/studio.py              222      9     92     18    91%   28->exit, 32->37, 33->37, 34->37, 35->37, 37->30, 55, 57, 128, 142, 166-169, 194->exit, 208->254, 222->221, 226->225, 239, 260->264, 290->exit
server/workflows.py           143      1     48      4    97%   41->exit, 68->exit, 75, 80->exit, 156->exit
server/workspace_api.py       279     23     40      7    91%   52, 60, 77-79, 99->exit, 105, 110-111, 116-119, 125, 141->145, 183-185, 194->exit, 213, 231, 242-243, 246->exit, 270->exit, 288-289, 330, 349
server/workspace_store.py      75     13     28      9    79%   15, 46-50, 56, 65, 71, 77, 87, 90, 108
-----------------------------------------------------------------------
TOTAL                        2235    143    644    106    91%
Coverage JSON written to file evidence/coverage.json
307 passed in 45.45s
